============================= test session starts =============================
platform win32 -- Python 3.14.0, pytest-9.0.2, pluggy-1.6.0
rootdir: D:\code\soc_sparrow\backend
plugins: anyio-4.12.1, mock-3.15.1
collected 0 items / 2 errors

=================================== ERRORS ====================================
_________________ ERROR collecting tests/test_auth_routes.py __________________
ImportError while importing test module 'D:\code\soc_sparrow\backend\tests\test_auth_routes.py'.
Hint: make sure your test modules/packages have valid Python names.
Traceback:
C:\Users\Hp\AppData\Local\Programs\Python\Python314\Lib\importlib\__init__.py:88: in import_module
    return _bootstrap._gcd_import(name[level:], package, level)
           ^^^^^^^^^^^^^^^^^^^^^^^^^^^^^^^^^^^^^^^^^^^^^^^^^^^^
tests\test_auth_routes.py:6: in <module>
    from app.main import app
E   ModuleNotFoundError: No module named 'app'
_________________ ERROR collecting tests/test_otp_service.py __________________
ImportError while importing test module 'D:\code\soc_sparrow\backend\tests\test_otp_service.py'.
Hint: make sure your test modules/packages have valid Python names.
Traceback:
C:\Users\Hp\AppData\Local\Programs\Python\Python314\Lib\importlib\__init__.py:88: in import_module
    return _bootstrap._gcd_import(name[level:], package, level)
           ^^^^^^^^^^^^^^^^^^^^^^^^^^^^^^^^^^^^^^^^^^^^^^^^^^^^
tests\test_otp_service.py:6: in <module>
    from app.services import otp_service
E   ModuleNotFoundError: No module named 'app'
=========================== short test summary info ===========================
ERROR tests/test_auth_routes.py
ERROR tests/test_otp_service.py
!!!!!!!!!!!!!!!!!!! Interrupted: 2 errors during collection !!!!!!!!!!!!!!!!!!!
============================== 2 errors in 1.85s ==============================
